<html>
<body>
<pre>
<h1>µVision Build Log</h1>
<h2>Tool Versions:</h2>
IDE-Version: µVision V5.40.0.0
Copyright (C) 2024 ARM Ltd and ARM Germany GmbH. All rights reserved.
License Information: Labinf Dauin Politecnico di Torino Flex license: MDK Professional 5.40 (Flex) (mdk_pro) Operation stops: 15 Aug 2025
 
Tool Versions:
Toolchain:       MDK Professional 5.40 (Flex)  Version: 5.40.0.3
Toolchain Path:  c:\Keil_v5\ARM\ARMCLANG\Bin
C Compiler:      ArmClang.exe V6.22
Assembler:       Armasm.exe V6.22
Linker/Locator:  ArmLink.exe V6.22
Library Manager: ArmAr.exe V6.22
Hex Converter:   FromElf.exe V6.22
CPU DLL:         SARMCM3.DLL V5.40.0.3
Dialog DLL:      DARMP1.DLL V1.28.1.0
Target DLL:      UL2CM3.DLL V1.164.11.0
Dialog DLL:      TARMP1.DLL V1.27.1.0
 
<h2>Project:</h2>
C:\Users\s329567\Desktop\esame_\09_sample_JOYSTICK\sample.uvprojx
Project File Date:  01/14/2025

<h2>Output:</h2>
*** Using Compiler 'V6.22', folder: 'c:\Keil_v5\ARM\ARMCLANG\Bin'
Build target 'LandTiger_LPC1768 (release)'
creating preprocessor file for sample.c...
creating preprocessor file for funct_led.c...
creating preprocessor file for lib_led.c...
creating preprocessor file for system_LPC17xx.c...
creating preprocessor file for IRQ_button.c...
creating preprocessor file for lib_button.c...
creating preprocessor file for IRQ_RIT.c...
creating preprocessor file for lib_RIT.c...
creating preprocessor file for lib_joystick.c...
Source/RIT/IRQ_RIT.c(10): warning: non-portable path to file '"LPC17xx.h"'; specified path differs in case from file name on disk [-Wnonportable-include-path]
   10 | #include "lpc17xx.h"
      |          ^~~~~~~~~~~
      |          "LPC17xx.h"
Source/RIT/IRQ_RIT.c(33): warning: GCC does not allow variable declarations in for loop initializers before C99 [-Wgcc-compat]
   33 |         for (int i = 7; i>=0; i--){
      |              ^
Source/RIT/IRQ_RIT.c(44): warning: GCC does not allow variable declarations in for loop initializers before C99 [-Wgcc-compat]
   44 |         for (int i = 8; i>=0; i--){
      |              ^
3 warnings generated.
compiling IRQ_RIT.c...
creating preprocessor file for IRQ_timer.c...
creating preprocessor file for lib_timer.c...
linking...
Program Size: Code=2064 RO-data=284 RW-data=4 ZI-data=668  
".\Objects\sample_JOYSTICK.axf" - 0 Error(s), 3 Warning(s).

<h2>Software Packages used:</h2>

Package Vendor: ARM
                https://www.keil.com/pack/ARM.CMSIS.6.1.0.pack
                ARM::CMSIS@6.1.0
                CMSIS (Common Microcontroller Software Interface Standard)
   * Component: CORE Version: 6.1.0

Package Vendor: Keil
                http://www.keil.com/pack/Keil.LPC1700_DFP.2.7.1.pack
                Keil::LPC1700_DFP@2.7.1
                NXP LPC1700 Series Device Support, Drivers and Examples for MCB1700 and LPC1788-32

<h2>Collection of Component include folders:</h2>
  ./RTE/_LandTiger_LPC1768__release_
  C:/Keil_v5/ARM/PACK/ARM/CMSIS/6.1.0/CMSIS/Core/Include
  C:/Keil_v5/ARM/PACK/Keil/LPC1700_DFP/2.7.1/Device/Include

<h2>Collection of Component Files used:</h2>

   * Component: ARM::CMSIS:CORE@6.1.0
Build Time Elapsed:  00:00:00
</pre>
</body>
</html>
